// Jest Snapshot v1, https://goo.gl/fbAQLP

exports[`<SignupPage /> should render and match the snapshot 1`] = `
<React.Fragment>
  <styled.div />
  <Row
    align="middle"
    justify="center"
    style={
      Object {
        "height": "calc(100vh - 100px)",
        "marginTop": "100px",
        "padding": "0 15px",
      }
    }
  >
    <SignupForm />
  </Row>
</React.Fragment>
`;
