// Jest Snapshot v1, https://goo.gl/fbAQLP

exports[`<FilterTab /> should render and match the snapshot 1`] = `
<styled.div>
  <FilterResult />
  <FilterPane
    close={[Function]}
  />
  <styled.div
    onClick={[Function]}
  >
    <BsSearch
      color="#4F61A5"
      size={25}
    />
  </styled.div>
</styled.div>
`;
