// Jest Snapshot v1, https://goo.gl/fbAQLP

exports[`<LoginPage /> should render and match the snapshot 1`] = `
<Row
  align="middle"
  justify="center"
  style={
    Object {
      "minHeight": "100vh",
    }
  }
>
  <Col
    lg={12}
    md={0}
    sm={0}
    xs={0}
  >
    <Curtains$1
      pixelRatio={1}
    >
      <LeftPanel />
    </Curtains$1>
  </Col>
  <Col
    lg={12}
    md={24}
    sm={24}
    xs={24}
  >
    <LoginForm />
  </Col>
</Row>
`;
