// Jest Snapshot v1, https://goo.gl/fbAQLP

exports[`<Footer /> should render and matchs the snapshot 1`] = `
<styled.div>
  <styled.div>
    <Title
      className="section-header-text"
    >
      Are you a developer who wants to use SYRF.io?
    </Title>
    <styled.div>
      SYRF.io provides tools for:
      <styled.ul>
        <li>
          Authentication
        </li>
        <li>
           Data science
        </li>
        <li>
          Playback and streaming
        </li>
      </styled.ul>
    </styled.div>
    <Button
      className="syrf-button"
      onClick={[Function]}
      size="large"
      style={
        Object {
          "marginBottom": "20px",
          "marginTop": "20px",
        }
      }
    >
      Developers
    </Button>
  </styled.div>
  <styled.div>
    <Row
      justify="space-between"
    >
      <Col
        lg={
          Object {
            "offset": 3,
            "span": 4,
          }
        }
        xs={
          Object {
            "span": 24,
          }
        }
      >
        <ForwardRef(SvgLogoLight)
          onClick={[Function]}
          style={
            Object {
              "cursor": "pointer",
              "marginBottom": "15px",
            }
          }
        />
        <styled.p>
          syrf.io is a project built by the Sailing Yacht Research Foundation. SYRF is the only non profit to focus on using science and technology to advance the sport of sailing. SYRF is what happens when you pair the world’s most accomplished and capable sailors with the world’s most accomplished and capable technologists.
        </styled.p>
      </Col>
      <Col
        lg={
          Object {
            "offset": 8,
            "span": 8,
          }
        }
        xs={
          Object {
            "span": 24,
          }
        }
      >
        <Styled(Row)
          align="middle"
          justify="end"
          style={
            Object {
              "marginTop": "50px",
            }
          }
        >
          <Styled(Link)
            target="_blank"
            to={
              Object {
                "pathname": "https://sailyachtresearch.org",
              }
            }
          >
            SYRF
          </Styled(Link)>
        </Styled(Row)>
        <Styled(Row)
          align="middle"
          justify="end"
          style={
            Object {
              "marginTop": "10px",
            }
          }
        >
          <Styled(Link)
            to="privacy-policy"
          >
            Privacy Policy
          </Styled(Link)>
        </Styled(Row)>
        <Styled(Row)
          align="middle"
          justify="end"
          style={
            Object {
              "marginTop": "10px",
            }
          }
        >
          <Styled(Link)
            to="eula"
          >
            End User License Agreement
          </Styled(Link)>
        </Styled(Row)>
      </Col>
    </Row>
    <Divider />
    <styled.div>
      Copyright (c) 2021 Sailing Yacht Research Foundation
    </styled.div>
  </styled.div>
</styled.div>
`;
