// Jest Snapshot v1, https://goo.gl/fbAQLP

exports[`<Footer /> should render and matchs the snapshot 1`] = `
<styled.div>
  <styled.div>
    <Title
      className="section-header-text"
    >
      Are you a developer who wants to use My Sailing Profile?
    </Title>
    <styled.div>
      Lorem Ipsum is simply dummy text of the printing and typesetting industry. Lorem Ipsum has been the industry's standard dummy text ever since the 1500s, when an unknown printer took a galley of type and scrambled it to make a type specimen book. It has survived not only five centuries, but also the leap into electronic typesetting.
    </styled.div>
    <Button
      className="syrf-button"
      size="large"
      style={
        Object {
          "marginBottom": "20px",
          "marginTop": "20px",
        }
      }
    >
      Developers
    </Button>
  </styled.div>
  <styled.div>
    <Row
      justify="space-between"
    >
      <Col
        lg={
          Object {
            "offset": 3,
            "span": 4,
          }
        }
        xs={
          Object {
            "span": 24,
          }
        }
      >
        <ForwardRef(SvgLogoLight)
          style={
            Object {
              "marginBottom": "15px",
            }
          }
        />
        <styled.p>
          Lorem ipsum dolor sit amet consectetur adipisicing elit. Odit veritatis, in consequatur voluptatum velit ea aperiam dolore magni voluptates alias id delectus suscipit quae nulla! Delectus provident fuga doloribus vel.
        </styled.p>
      </Col>
      <Col
        lg={
          Object {
            "offset": 8,
            "span": 8,
          }
        }
        xs={
          Object {
            "span": 24,
          }
        }
      >
        <Styled(Row)
          align="middle"
          justify="end"
          style={
            Object {
              "marginTop": "50px",
            }
          }
        >
          <Styled(Link)
            to="/"
          >
            SYRF
          </Styled(Link)>
        </Styled(Row)>
        <Styled(Row)
          align="middle"
          justify="end"
          style={
            Object {
              "marginTop": "10px",
            }
          }
        >
          <Styled(Link)
            to="privacy-policy"
          >
            Privacy Policy
          </Styled(Link)>
        </Styled(Row)>
        <Styled(Row)
          align="middle"
          justify="end"
          style={
            Object {
              "marginTop": "10px",
            }
          }
        >
          <Styled(Link)
            to="eula"
          >
            End User License Agreement
          </Styled(Link)>
        </Styled(Row)>
      </Col>
    </Row>
    <Divider />
    <styled.div>
      Copyright (c) 2021 Sailing Yacht Research Foundation
    </styled.div>
  </styled.div>
</styled.div>
`;
