// Jest Snapshot v1, https://goo.gl/fbAQLP

exports[`<PartnerAppCarousel /> should render and matchs the snapshot 1`] = `
<PartnerAppCarousel__Wrapper>
  <h1
    className="section-header-text"
    style={
      Object {
        "textAlign": "center",
      }
    }
  >
    Use with these innotive apps
  </h1>
  <ForwardRef
    autoplay={true}
    dots={
      Object {
        "className": "carousel-dot partner-app",
      }
    }
    responsive={
      Array [
        Object {
          "breakpoint": 1200,
          "settings": Object {
            "slidesToScroll": 1,
            "slidesToShow": 4,
          },
        },
        Object {
          "breakpoint": 1008,
          "settings": Object {
            "slidesToScroll": 1,
            "slidesToShow": 3,
          },
        },
        Object {
          "breakpoint": 800,
          "settings": Object {
            "slidesToScroll": 1,
            "slidesToShow": 2,
          },
        },
      ]
    }
    slidesToShow={4}
  >
    <PartnerAppCarousel__ImageContainer
      style={
        Object {
          "padding": "50px 0",
        }
      }
    >
      <Image
        preview={false}
        src="brand1.png"
        width={200}
      />
    </PartnerAppCarousel__ImageContainer>
    <PartnerAppCarousel__ImageContainer>
      <Image
        preview={false}
        src="brand2.png"
        width={200}
      />
    </PartnerAppCarousel__ImageContainer>
    <PartnerAppCarousel__ImageContainer>
      <Image
        preview={false}
        src="brand3.png"
        width={200}
      />
    </PartnerAppCarousel__ImageContainer>
    <PartnerAppCarousel__ImageContainer>
      <Image
        preview={false}
        src="brand4.png"
        width={200}
      />
    </PartnerAppCarousel__ImageContainer>
    <PartnerAppCarousel__ImageContainer>
      <Image
        preview={false}
        src="brand1.png"
        width={200}
      />
    </PartnerAppCarousel__ImageContainer>
    <PartnerAppCarousel__ImageContainer>
      <Image
        preview={false}
        src="brand2.png"
        width={200}
      />
    </PartnerAppCarousel__ImageContainer>
    <PartnerAppCarousel__ImageContainer>
      <Image
        preview={false}
        src="brand3.png"
        width={200}
      />
    </PartnerAppCarousel__ImageContainer>
    <PartnerAppCarousel__ImageContainer>
      <Image
        preview={false}
        src="brand4.png"
        width={200}
      />
    </PartnerAppCarousel__ImageContainer>
  </ForwardRef>
</PartnerAppCarousel__Wrapper>
`;
