// Jest Snapshot v1, https://goo.gl/fbAQLP

exports[`<VideoSection /> should render and matchs the snapshot 1`] = `
<VideoSection__Wrapper
  className="video-section"
>
  <Row
    style={
      Object {
        "marginTop": "88px",
      }
    }
  >
    <Title
      className="text-white introduction-text"
    >
      One Login
       
      <br />
       
      Ultimate Potential
    </Title>
  </Row>
  <Row
    style={
      Object {
        "marginTop": "40px",
        "zIndex": 5,
      }
    }
  >
    <Space
      size={15}
    >
      <Col>
        <Button
          className="syrf-button"
          onClick={[Function]}
        >
          Log In
        </Button>
      </Col>
      <Col>
        <Button
          className="syrf-button-outline"
          onClick={[Function]}
        >
          Sign Up
        </Button>
      </Col>
    </Space>
  </Row>
</VideoSection__Wrapper>
`;
