// Jest Snapshot v1, https://goo.gl/fbAQLP

exports[`<ChangePasswordForm /> should render and match the snapshot 1`] = `
<styled.div>
  <ProfileTabs />
  <styled.div
    style={
      Object {
        "marginTop": "50px",
      }
    }
  >
    <Spin
      size="default"
      spinning={false}
      wrapperClassName=""
    >
      <styled.div>
        Change Your Password
      </styled.div>
      <ForwardRef(InternalForm)
        form={
          Object {
            "__INTERNAL__": Object {
              "itemRef": [Function],
            },
            "getFieldError": [Function],
            "getFieldInstance": [Function],
            "getFieldValue": [Function],
            "getFieldsError": [Function],
            "getFieldsValue": [Function],
            "getInternalHooks": [Function],
            "isFieldTouched": [Function],
            "isFieldValidating": [Function],
            "isFieldsTouched": [Function],
            "isFieldsValidating": [Function],
            "resetFields": [Function],
            "scrollToField": [Function],
            "setFields": [Function],
            "setFieldsValue": [Function],
            "submit": [Function],
            "validateFields": [Function],
          }
        }
        initialValues={
          Object {
            "newPassword": "",
            "oldPassword": "",
          }
        }
        layout="vertical"
        name="basic"
        onFinish={[Function]}
      >
        <FormItem
          label={
            <styled.label>
              New Password
            </styled.label>
          }
          name="newPassword"
          rules={
            Array [
              Object {
                "max": 16,
                "min": 8,
                "required": true,
              },
            ]
          }
        >
          <Styled(Password) />
        </FormItem>
        <FormItem
          label={
            <styled.label>
              Confirm New Password
            </styled.label>
          }
          name="newPasswordConfirmation"
          rules={
            Array [
              Object {
                "message": "Please confirm your new password!",
                "required": true,
              },
              [Function],
            ]
          }
        >
          <Styled(Password) />
        </FormItem>
        <FormItem>
          <Styled(Button)
            htmlType="submit"
            type="primary"
          >
            Change Password
          </Styled(Button)>
        </FormItem>
      </ForwardRef(InternalForm)>
    </Spin>
  </styled.div>
</styled.div>
`;
