// Jest Snapshot v1, https://goo.gl/fbAQLP

exports[`<ChangePasswordForm /> should render and match the snapshot 1`] = `
<styled.div>
  <ProfileTabs />
  <styled.div
    style={
      Object {
        "marginTop": "50px",
      }
    }
  >
    <Spin
      size="default"
      spinning={false}
      wrapperClassName=""
    >
      <styled.div>
        Change Your Password
      </styled.div>
      <ForwardRef(InternalForm)
        form={
          Object {
            "__INTERNAL__": Object {
              "itemRef": [Function],
            },
            "getFieldError": [Function],
            "getFieldInstance": [Function],
            "getFieldValue": [Function],
            "getFieldsError": [Function],
            "getFieldsValue": [Function],
            "getInternalHooks": [Function],
            "isFieldTouched": [Function],
            "isFieldValidating": [Function],
            "isFieldsTouched": [Function],
            "isFieldsValidating": [Function],
            "resetFields": [Function],
            "scrollToField": [Function],
            "setFields": [Function],
            "setFieldsValue": [Function],
            "submit": [Function],
            "validateFields": [Function],
          }
        }
        initialValues={
          Object {
            "newPassword": "",
            "oldPassword": "",
          }
        }
        layout="vertical"
        name="basic"
        onFinish={[Function]}
      >
        <Tooltip
          arrowPointAtCenter={false}
          autoAdjustOverflow={true}
          mouseEnterDelay={0.1}
          mouseLeaveDelay={0.1}
          placement="top"
          title="Current Password"
        >
          <FormItem
            data-tip="Current Password"
            label={
              <styled.label>
                Current Password
              </styled.label>
            }
            name="currentPassword"
            rules={
              Array [
                Object {
                  "message": "Please fill out this field.",
                  "required": true,
                },
                Object {
                  "message": "Password must not contain blank space.",
                  "pattern": /\\^\\\\S\\+\\$/,
                },
                Object {
                  "max": 16,
                  "message": "Current Password must be between 8 and 16 characters",
                  "min": 8,
                },
              ]
            }
          >
            <Styled(Password) />
          </FormItem>
        </Tooltip>
        <Tooltip
          arrowPointAtCenter={false}
          autoAdjustOverflow={true}
          mouseEnterDelay={0.1}
          mouseLeaveDelay={0.1}
          placement="top"
          title="Your new password."
        >
          <FormItem
            label={
              <styled.label>
                New Password
              </styled.label>
            }
            name="newPassword"
            rules={
              Array [
                Object {
                  "message": "Please fill out this field.",
                  "required": true,
                },
                Object {
                  "message": "Password must not contain blank space.",
                  "pattern": /\\^\\\\S\\+\\$/,
                },
                Object {
                  "max": 16,
                  "message": "New Password must be between 8 and 16 characters",
                  "min": 8,
                },
              ]
            }
          >
            <Styled(Password) />
          </FormItem>
        </Tooltip>
        <Tooltip
          arrowPointAtCenter={false}
          autoAdjustOverflow={true}
          mouseEnterDelay={0.1}
          mouseLeaveDelay={0.1}
          placement="top"
          title="Please confirm you new password."
        >
          <FormItem
            label={
              <styled.label>
                Confirm New Password
              </styled.label>
            }
            name="newPasswordConfirmation"
            rules={
              Array [
                Object {
                  "message": "Please confirm your new password!",
                  "required": true,
                },
                [Function],
              ]
            }
          >
            <Styled(Password) />
          </FormItem>
        </Tooltip>
        <FormItem>
          <Styled(Button)
            htmlType="submit"
            type="primary"
          >
            Change Password
          </Styled(Button)>
        </FormItem>
      </ForwardRef(InternalForm)>
    </Spin>
  </styled.div>
</styled.div>
`;
