// Jest Snapshot v1, https://goo.gl/fbAQLP

exports[`<BenefitCarousel /> should render the benefit carousel and matchs the snapshot 1`] = `
<ForwardRef
  dots={
    Object {
      "className": "carousel-dot custom",
    }
  }
  slidesToShow={1}
>
  <styled.div>
    <styled.div
      className="carousel-inner-container"
    >
      <Row
        className="carousel-row"
      >
        <Col
          lg={12}
          md={24}
          sm={24}
          xs={24}
        >
          <styled.h1
            className="section-header-text"
          >
            One password for all sailing apps and data
          </styled.h1>
          <styled.p>
            Lorem Ipsum is simply dummy text of the printing and typesetting industry. Lorem Ipsum has been the industry's standard dummy text ever since the 1500s, when an unknown printer took a galley of type and scrambled it to make a type specimen book. It has survived not only five centuries, but also the leap into electronic typesetting, remaining essentially unchanged. It was popularised in the 1960s with the release of Letraset sheets containing Lorem Ipsum passages, and more recently with desktop publishing software like Aldus PageMaker including versions of Lorem Ipsum
          </styled.p>
        </Col>
        <Col
          lg={12}
          md={24}
          sm={24}
          xs={24}
        >
          <styled.div
            className="carousel-image-container"
            style={
              Object {
                "backgroundImage": "url(Image-1.svg)",
                "backgroundPosition": "100% -50%",
                "backgroundRepeat": "no-repeat",
                "backgroundSize": "contain",
              }
            }
          />
        </Col>
      </Row>
    </styled.div>
  </styled.div>
  <styled.div>
    <styled.div
      className="carousel-inner-container"
    >
      <Row
        className="carousel-row"
      >
        <Col
          lg={12}
          md={12}
          sm={24}
          xs={24}
        >
          <styled.h1
            className="section-header-text"
          >
            You control who can access your sailing data
          </styled.h1>
          <styled.p>
            Lorem Ipsum is simply dummy text of the printing and typesetting industry. Lorem Ipsum has been the industry's standard dummy text ever since the 1500s, when an unknown printer took a galley of type and scrambled it to make a type specimen book. It has survived not only five centuries, but also the leap into electronic typesetting, remaining essentially unchanged. It was popularised in the 1960s with the release of Letraset sheets containing Lorem Ipsum passages, and more recently with desktop publishing software like Aldus PageMaker including versions of Lorem Ipsum
          </styled.p>
        </Col>
        <Col
          lg={12}
          md={12}
          sm={24}
          xs={24}
        >
          <styled.div
            className="carousel-image-container"
            style={
              Object {
                "backgroundImage": "url(Image-2.svg)",
                "backgroundPosition": "100% -50%",
                "backgroundRepeat": "no-repeat",
                "backgroundSize": "contain",
              }
            }
          />
        </Col>
      </Row>
    </styled.div>
  </styled.div>
  <styled.div>
    <styled.div
      className="carousel-inner-container"
    >
      <Row
        className="carousel-row"
      >
        <Col
          lg={12}
          md={12}
          sm={24}
          xs={24}
        >
          <styled.h1
            className="section-header-text"
          >
            GDPR & CCPA Compliant
          </styled.h1>
          <styled.p>
            Lorem Ipsum is simply dummy text of the printing and typesetting industry. Lorem Ipsum has been the industry's standard dummy text ever since the 1500s, when an unknown printer took a galley of type and scrambled it to make a type specimen book. It has survived not only five centuries, but also the leap into electronic typesetting, remaining essentially unchanged. It was popularised in the 1960s with the release of Letraset sheets containing Lorem Ipsum passages, and more recently with desktop publishing software like Aldus PageMaker including versions of Lorem Ipsum
          </styled.p>
        </Col>
        <Col
          lg={12}
          md={12}
          sm={24}
          xs={24}
        >
          <styled.div
            className="carousel-image-container"
            style={
              Object {
                "backgroundImage": "url(Image-4.svg)",
                "backgroundPosition": "100% -50%",
                "backgroundRepeat": "no-repeat",
                "backgroundSize": "contain",
              }
            }
          />
        </Col>
      </Row>
    </styled.div>
  </styled.div>
  <styled.div>
    <styled.div
      className="carousel-inner-container"
    >
      <Row
        className="carousel-row"
      >
        <Col
          lg={12}
          md={12}
          sm={24}
          xs={24}
        >
          <styled.h1
            className="section-header-text"
          >
            Organization independent
          </styled.h1>
          <styled.p>
            Lorem Ipsum is simply dummy text of the printing and typesetting industry. Lorem Ipsum has been the industry's standard dummy text ever since the 1500s, when an unknown printer took a galley of type and scrambled it to make a type specimen book. It has survived not only five centuries, but also the leap into electronic typesetting, remaining essentially unchanged. It was popularised in the 1960s with the release of Letraset sheets containing Lorem Ipsum passages, and more recently with desktop publishing software like Aldus PageMaker including versions of Lorem Ipsum
          </styled.p>
        </Col>
        <Col
          lg={12}
          md={12}
          sm={24}
          xs={24}
        >
          <styled.div
            className="carousel-image-container"
            style={
              Object {
                "backgroundImage": "url(Image-3.svg)",
                "backgroundPosition": "100% -50%",
                "backgroundRepeat": "no-repeat",
                "backgroundSize": "contain",
              }
            }
          />
        </Col>
      </Row>
    </styled.div>
  </styled.div>
</ForwardRef>
`;
