// Jest Snapshot v1, https://goo.gl/fbAQLP

exports[`<FilterResult /> should render and match the snapshot 1`] = `
<styled.div>
  <styled.div>
    <styled.div>
      About 100.000 results
    </styled.div>
    <ResultItem
      index={0}
      item={
        Object {
          "date": "2021-07-21",
          "location": "East Viginia",
          "name": "Race at Italy west coast",
          "time": "1:00:22",
        }
      }
    />
    <ResultItem
      index={1}
      item={
        Object {
          "date": "2021-07-21",
          "location": "South America",
          "name": "Race at US west coast",
          "time": "1:00:22",
        }
      }
    />
    <ResultItem
      index={2}
      item={
        Object {
          "date": "2021-07-21",
          "location": "South New Wales",
          "name": "Race at Wales west coast",
          "time": "1:00:22",
        }
      }
    />
    <ResultItem
      index={3}
      item={
        Object {
          "date": "2021-07-21",
          "location": "Florida Coast",
          "name": "Race at Wales west coast",
          "time": "1:00:22",
        }
      }
    />
    <ResultItem
      index={4}
      item={
        Object {
          "date": "2021-07-21",
          "location": "California Coast",
          "name": "Race at Wales west coast",
          "time": "1:00:22",
        }
      }
    />
    <ResultItem
      index={5}
      item={
        Object {
          "date": "2021-07-21",
          "location": "California Coast",
          "name": "Race at Wales west coast",
          "time": "1:00:22",
        }
      }
    />
    <ResultItem
      index={6}
      item={
        Object {
          "date": "2021-07-21",
          "location": "California Coast",
          "name": "Race at Wales west coast",
          "time": "1:00:22",
        }
      }
    />
    <ResultItem
      index={7}
      item={
        Object {
          "date": "2021-07-21",
          "location": "California Coast",
          "name": "Race at Wales west coast",
          "time": "1:00:22",
        }
      }
    />
  </styled.div>
  <styled.div>
    <Pagination
      defaultCurrent={1}
      total={50}
    />
  </styled.div>
</styled.div>
`;
