// Jest Snapshot v1, https://goo.gl/fbAQLP

exports[`<ResultItem /> should render and match the snapshot 1`] = `
<styled.div>
  <styled.div>
    <Space
      size={5}
    >
      <GiPositionMarker />
    </Space>
  </styled.div>
  <styled.h3>
    <Link
      to="/playback?raceid=undefined"
    >
      Race at Wales west coast
    </Link>
  </styled.h3>
  <styled.div>
    <styled.span>
      2021-08-18
    </styled.span>
  </styled.div>
</styled.div>
`;
