// Jest Snapshot v1, https://goo.gl/fbAQLP

exports[`<UpdateInfo /> should render to match the snapshot 1`] = `
<styled.div>
  <DeleteUserModal
    setShowDeleteUserModal={[Function]}
    showDeleteUserModal={false}
  />
  <styled.div>
    <styled.div>
      <ChangeAvatar />
    </styled.div>
    <Spin
      size="default"
      spinning={false}
      tip="Updating your profile..."
      wrapperClassName=""
    >
      <styled.div>
        Change User Information here
      </styled.div>
      <ForwardRef(InternalForm)
        initialValues={
          Object {
            "address": null,
            "birthdate": null,
            "email": null,
            "facebook": null,
            "instagram": null,
            "language": null,
            "name": null,
            "phone_number": null,
            "sailing_number": null,
            "twitter": null,
          }
        }
        layout="vertical"
        name="basic"
        onFinish={[Function]}
      >
        <Row
          gutter={24}
        >
          <Col
            lg={12}
            md={12}
            sm={24}
            xs={24}
          >
            <FormItem
              label={
                <styled.label>
                  Email
                </styled.label>
              }
              name="email"
              rules={
                Array [
                  Object {
                    "required": true,
                    "type": "email",
                  },
                ]
              }
            >
              <Styled(Input)
                disabled={true}
              />
            </FormItem>
          </Col>
          <Col
            lg={12}
            md={12}
            sm={24}
            xs={24}
          >
            <FormItem
              label={
                <styled.label>
                  Name
                </styled.label>
              }
              name="name"
              rules={
                Array [
                  Object {
                    "required": true,
                  },
                ]
              }
            >
              <Styled(Input) />
            </FormItem>
          </Col>
        </Row>
        <Divider />
        <FormItem
          label={
            <styled.label>
              Address
            </styled.label>
          }
          name="address"
        >
          <PlacesAutocomplete
            debounce={200}
            highlightFirstSuggestion={false}
            onChange={[Function]}
            onError={[Function]}
            searchOptions={Object {}}
            shouldFetchSuggestions={true}
            value=""
          >
            [Function]
          </PlacesAutocomplete>
        </FormItem>
        <Row
          gutter={24}
        >
          <Col
            lg={12}
            md={12}
            sm={24}
            xs={24}
          >
            <FormItem
              label={
                <styled.label>
                  Date Of Birth
                </styled.label>
              }
              name="birthdate"
              rules={
                Array [
                  Object {
                    "required": true,
                    "type": "date",
                  },
                ]
              }
            >
              <Picker
                className="syrf-datepicker"
                dateRender={[Function]}
                disabledDate={[Function]}
                showToday={false}
                style={
                  Object {
                    "width": "100%",
                  }
                }
              />
            </FormItem>
          </Col>
          <Col
            lg={12}
            md={12}
            sm={24}
            xs={24}
          >
            <FormItem
              label={
                <styled.label>
                  World Sailing Number
                </styled.label>
              }
              name="sailing_number"
            >
              <Styled(Input) />
            </FormItem>
          </Col>
        </Row>
        <Row
          gutter={24}
        >
          <Col
            lg={12}
            md={12}
            sm={24}
            xs={24}
          >
            <FormItem
              label={
                <styled.label>
                  Phone Number
                </styled.label>
              }
              name="phone_number"
              rules={
                Array [
                  Object {
                    "type": "string",
                  },
                ]
              }
            >
              <Styled(t)
                buttonClass="syrf-flag-dropdown"
                inputClass="syrf-phone-number-input"
                placeholder="Enter phone number"
              />
            </FormItem>
          </Col>
          <Col
            lg={12}
            md={12}
            sm={24}
            xs={24}
          >
            <FormItem
              label="Language"
              name="language"
              rules={
                Array [
                  Object {
                    "required": true,
                  },
                ]
              }
            >
              <Styled(Component)
                filterOption={[Function]}
                placeholder="Select a Language"
                showSearch={true}
              >
                <Option
                  value="zh"
                >
                  中文
                </Option>
                <Option
                  value="nl"
                >
                  Nederlands
                </Option>
                <Option
                  value="en"
                >
                  English
                </Option>
                <Option
                  value="de"
                >
                  Deutsch
                </Option>
                <Option
                  value="es"
                >
                  español
                </Option>
                <Option
                  value="it"
                >
                  Italiano
                </Option>
              </Styled(Component)>
            </FormItem>
          </Col>
        </Row>
        <Divider />
        <FormItem>
          <Styled(Button)
            htmlType="submit"
            type="primary"
          >
            Update Information
          </Styled(Button)>
        </FormItem>
      </ForwardRef(InternalForm)>
    </Spin>
    <styled.div>
      <a
        href="/"
        onClick={[Function]}
      >
        Delete your account
      </a>
    </styled.div>
  </styled.div>
</styled.div>
`;
