// Jest Snapshot v1, https://goo.gl/fbAQLP

exports[`<Deals /> should render the deals and matchs the snapshot 1`] = `
<Row
  align="top"
  justify="center"
  style={
    Object {
      "marginTop": "100px",
      "minHeight": "100vh",
      "padding": "0 20px",
    }
  }
>
  <styled.div>
    <styled.div>
      <styled.img
        src="dummy-logo.svg"
      />
      <styled.p>
        Lorem ipsum Lorem ipsum Lorem ipsum Lorem ipsum Lorem ipsum
      </styled.p>
      <Link
        to="/"
      >
        Checkout this deal!
      </Link>
    </styled.div>
    <styled.div>
      <styled.img
        src="dummy-logo.svg"
      />
      <styled.p>
        Lorem ipsum Lorem ipsum Lorem ipsum Lorem ipsum Lorem ipsum
      </styled.p>
      <Link
        to="/deals"
      >
        Checkout this deal!
      </Link>
    </styled.div>
    <styled.div>
      <styled.img
        src="dummy-logo.svg"
      />
      <styled.p>
        Lorem ipsum Lorem ipsum Lorem ipsum Lorem ipsum Lorem ipsum
      </styled.p>
      <Link
        to="/deals"
      >
        Checkout this deal!
      </Link>
    </styled.div>
    <styled.div>
      <styled.img
        src="dummy-logo.svg"
      />
      <styled.p>
        Lorem ipsum Lorem ipsum Lorem ipsum Lorem ipsum Lorem ipsum
      </styled.p>
      <Link
        to="/deals"
      >
        Checkout this deal!
      </Link>
    </styled.div>
    <styled.div>
      <styled.img
        src="dummy-logo.svg"
      />
      <styled.p>
        Lorem ipsum Lorem ipsum Lorem ipsum Lorem ipsum Lorem ipsum
      </styled.p>
      <Link
        to="/deals"
      >
        Checkout this deal!
      </Link>
    </styled.div>
  </styled.div>
</Row>
`;
